// Jest Snapshot v1, https://goo.gl/fbAQLP

exports[`renders correctly when there are no items 1`] = `
<div
  className="jumbotron"
>
  <h1
    className="display-4"
  >
    Hello, 
    !
  </h1>
</div>
`;
